// Jest Snapshot v1, https://goo.gl/fbAQLP

exports[`Card renders as expected should render as expected 1`] = `
<div>
  <div />
  <div>
    <FontAwesome
      name="address-card-o"
      size="3x"
      style={
        Object {
          "color": "#A06FEF",
        }
      }
    />
  </div>
  <div>
    Please tell us your name...
  </div>
  <div />
  <div>
    Why do you need this?
  </div>
</div>
`;
